  Determining projects to restore...
  All projects are up-to-date for restore.
  Po.PoDropSquare.E2E.Tests -> C:\Users\punko\Downloads\PoDropSquare\backend\tests\Po.PoDropSquare.E2E.Tests\bin\Debug\net9.0\Po.PoDropSquare.E2E.Tests.dll
Test run for C:\Users\punko\Downloads\PoDropSquare\backend\tests\Po.PoDropSquare.E2E.Tests\bin\Debug\net9.0\Po.PoDropSquare.E2E.Tests.dll (.NETCoreApp,Version=v9.0)
VSTest version 17.14.1 (arm64)

Starting test execution, please wait...
A total of 1 test files matched the specified pattern.
[xUnit.net 00:00:00.00] xUnit.net VSTest Adapter v3.1.5+1b188a7b0a (64-bit .NET 9.0.10)
[xUnit.net 00:00:01.37]   Discovering: Po.PoDropSquare.E2E.Tests
[xUnit.net 00:00:01.40]   Discovered:  Po.PoDropSquare.E2E.Tests
[xUnit.net 00:00:01.41]   Starting:    Po.PoDropSquare.E2E.Tests
Browser Console: [startGroupCollapsed] %cdotnet%c Loaded 8.88 MB resources%c
This application was built with linking (tree shaking) disabled. 
Published applications will be significantly smaller if you install wasm-tools workload. 
See also https://aka.ms/dotnet-wasm-features background: purple; color: white; padding: 1px 3px; border-radius: 3px; font-weight: bold; font-weight: normal;
Browser Console: [startGroupCollapsed] Loaded 8.88 MB resources from network
Browser Console: [table] {Po.PoDropSquare.Blazor.tn0r3sctgv.pdb: Object, dotnet.native.d2w7colv7e.wasm: Object, System.Runtime.InteropServices.JavaScript.0fsvrocifz.wasm: Object, Microsoft.AspNetCore.Authorization.50odlujk1g.wasm: Object, Microsoft.AspNetCore.Components.nxuc56wpt2.wasm: Object, System.Private.CoreLib.tn7ijpxcub.wasm: Object, Microsoft.AspNetCore.Components.Forms.ebm2eah9ku.wasm: Object, Microsoft.AspNetCore.Components.Web.yif7zx3lgg.wasm: Object, Microsoft.AspNetCore.Components.WebAssembly.mp1gprong8.wasm: Object, Microsoft.AspNetCore.Metadata.k31h5rbs8y.wasm: Object, Microsoft.Extensions.Configuration.zwhwg8n2jl.wasm: Object, Microsoft.Extensions.Configuration.Abstractions.ygg59j69y6.wasm: Object, Microsoft.Extensions.Configuration.Binder.ree6nazi96.wasm: Object, Microsoft.Extensions.Configuration.FileExtensions.3yia7w96ll.wasm: Object, Microsoft.Extensions.Configuration.Json.cjqvu0etee.wasm: Object, Microsoft.Extensions.DependencyInjection.1atse8zt8a.wasm: Object, Microsoft.Extensions.DependencyInjection.Abstractions.3bbrnxm7sg.wasm: Object, Microsoft.Extensions.FileProviders.Abstractions.drocumodun.wasm: Object, Microsoft.Extensions.FileProviders.Physical.tmifm1dw37.wasm: Object, Microsoft.Extensions.FileSystemGlobbing.v8igm4kcky.wasm: Object, Microsoft.Extensions.Logging.5o6wz2mzus.wasm: Object, Microsoft.Extensions.Logging.Abstractions.7og7zl867u.wasm: Object, Microsoft.Extensions.Options.8smb4p45bs.wasm: Object, Microsoft.Extensions.Primitives.xtp97am9lf.wasm: Object, Microsoft.JSInterop.80bvot621d.wasm: Object, Microsoft.JSInterop.WebAssembly.rryvnj25xi.wasm: Object, Microsoft.CSharp.7sv91sqvhk.wasm: Object, Microsoft.VisualBasic.Core.996jw09otz.wasm: Object, Microsoft.VisualBasic.60s7uue63g.wasm: Object, Microsoft.Win32.Primitives.y3qy6ezutd.wasm: Object, Microsoft.Win32.Registry.79bs7l5oe6.wasm: Object, System.AppContext.oz2126q8p4.wasm: Object, System.Buffers.6p4t8ehf1e.wasm: Object, System.Collections.Concurrent.m1bil1ufmx.wasm: Object, System.Collections.Immutable.obrqbe3jnn.wasm: Object, System.Collections.NonGeneric.3b4y8ju3rx.wasm: Object, System.Collections.Specialized.eah3wxej14.wasm: Object, System.Collections.vuew0td5j6.wasm: Object, System.ComponentModel.Annotations.rx1i5ay83i.wasm: Object, System.ComponentModel.DataAnnotations.hrq5qt9oif.wasm: Object, System.ComponentModel.EventBasedAsync.rpvzep25g1.wasm: Object, System.ComponentModel.Primitives.u4kagn3xsz.wasm: Object, System.ComponentModel.TypeConverter.7a6bj5gtae.wasm: Object, System.ComponentModel.sdfjglzjkc.wasm: Object, System.Configuration.ubtuylfcph.wasm: Object, System.Console.fuvc7697gb.wasm: Object, System.Core.bxocn0c2kr.wasm: Object, System.Data.Common.lrnu2igcph.wasm: Object, System.Data.DataSetExtensions.nsw82s8i30.wasm: Object, System.Data.n559eomu5m.wasm: Object, System.Diagnostics.Contracts.i9y4kg0l9q.wasm: Object, System.Diagnostics.Debug.jcthdeoxhj.wasm: Object, System.Diagnostics.DiagnosticSource.gvnph2n9e4.wasm: Object, System.Diagnostics.FileVersionInfo.snu7zofqzb.wasm: Object, System.Diagnostics.Process.9e09q6ras2.wasm: Object, System.Diagnostics.StackTrace.gm0wkwqx3g.wasm: Object, System.Diagnostics.TextWriterTraceListener.uekw01pydq.wasm: Object, System.Diagnostics.Tools.typ1q3xuzv.wasm: Object, System.Diagnostics.TraceSource.h7hqb00h6v.wasm: Object, System.Diagnostics.Tracing.hvwi2pahy5.wasm: Object, System.Drawing.Primitives.7o0jesyc4u.wasm: Object, System.Drawing.ylisjr29ri.wasm: Object, System.Dynamic.Runtime.4v00zoolrg.wasm: Object, System.Formats.Asn1.yo7ehl2r8q.wasm: Object, System.Formats.Tar.7zjs7f41yn.wasm: Object, System.Globalization.Calendars.oxuv3t4xaq.wasm: Object, System.Globalization.Extensions.5rdxz2ynva.wasm: Object, System.Globalization.x56j5xg3yp.wasm: Object, System.IO.Compression.Brotli.57wezp1kuk.wasm: Object, System.IO.Compression.FileSystem.ij99zpqslp.wasm: Object, System.IO.Compression.ZipFile.nfdicopq1l.wasm: Object, System.IO.Compression.75h3g8vap1.wasm: Object, System.IO.FileSystem.AccessControl.fjl0mgq7zv.wasm: Object, System.IO.FileSystem.DriveInfo.jzor6ssov2.wasm: Object, System.IO.FileSystem.Primitives.uqwpyde2b3.wasm: Object, System.IO.FileSystem.Watcher.76s9ix1gfx.wasm: Object, System.IO.FileSystem.3afv8h6ska.wasm: Object, System.IO.IsolatedStorage.5jj7y238pp.wasm: Object, System.IO.MemoryMappedFiles.lh6pd13lil.wasm: Object, System.IO.Pipelines.vve9g3gzsp.wasm: Object, System.IO.Pipes.AccessControl.dipj4z9m3e.wasm: Object, System.IO.Pipes.4btpte1ft5.wasm: Object, System.IO.UnmanagedMemoryStream.v2sov5tfjj.wasm: Object, System.IO.u82yvk8fx1.wasm: Object, System.Linq.lffrf2abh2.wasm: Object, System.Linq.Expressions.jfgs5a34mv.wasm: Object, System.Linq.Parallel.6owhnu4iwd.wasm: Object, System.Linq.Queryable.1agilqxu5p.wasm: Object, System.Net.Http.Json.24ue7cxcfm.wasm: Object, System.Memory.gi2ft8mrye.wasm: Object, System.Net.Http.d2nq4xow2b.wasm: Object, System.Net.HttpListener.2h0rzh8orb.wasm: Object, System.Net.Mail.7l0svhmwcx.wasm: Object, System.Net.NameResolution.qf074iw52u.wasm: Object, System.Net.NetworkInformation.z1n88cru7n.wasm: Object, System.Net.Ping.3nancy2qfd.wasm: Object, System.Net.Primitives.iqrdp99jr2.wasm: Object, System.Net.Quic.sr4uryh6q2.wasm: Object, System.Net.Requests.zc63t1w0n8.wasm: Object, System.Net.Security.2qfp0n07qo.wasm: Object, System.Net.ServicePoint.ca5knbkx9l.wasm: Object, System.Net.Sockets.v1ckmzy40m.wasm: Object, System.Net.WebClient.6srus0w9av.wasm: Object, System.Net.WebHeaderCollection.5yq92fl9jx.wasm: Object, System.Net.WebProxy.xq5yd2q9yr.wasm: Object, System.Net.WebSockets.Client.q2em5kypdd.wasm: Object, System.Net.WebSockets.dfk0ddeg9d.wasm: Object, System.Net.ox0odmit9j.wasm: Object, System.Private.Uri.qjmdiggmzv.wasm: Object, System.ObjectModel.l5zks8zz62.wasm: Object, System.Private.DataContractSerialization.u0i8l6wxw8.wasm: Object, System.Numerics.Vectors.9zhqe4gqix.wasm: Object, System.Numerics.60xrwan0op.wasm: Object, System.Private.Xml.Linq.a1rzaxd8wz.wasm: Object, System.Reflection.DispatchProxy.u3kpvupgi4.wasm: Object, System.Private.Xml.0168ly6y04.wasm: Object, System.Reflection.Emit.ILGeneration.hm8kpajtbw.wasm: Object, System.Reflection.Emit.Lightweight.dxypt9et3y.wasm: Object, System.Reflection.Emit.w317rsl2nn.wasm: Object, System.Reflection.ic4lhkrfde.wasm: Object, System.Reflection.Metadata.9i3kkfz4rg.wasm: Object, System.Reflection.Primitives.7pgkoculis.wasm: Object, System.Reflection.TypeExtensions.y1j87w4rx4.wasm: Object, System.Reflection.Extensions.s0ha418gh6.wasm: Object, System.Resources.Reader.gvrabkwtt5.wasm: Object, System.Resources.ResourceManager.3q3017r54r.wasm: Object, System.Resources.Writer.gvjbhc12kg.wasm: Object, System.Runtime.CompilerServices.Unsafe.xh4gzlbjv0.wasm: Object, System.Runtime.CompilerServices.VisualC.x79wb4olzx.wasm: Object, System.Runtime.Extensions.ivyl5xfv3x.wasm: Object, System.Runtime.Handles.77amrdisu2.wasm: Object, System.Runtime.InteropServices.RuntimeInformation.6mx0f3scm8.wasm: Object, System.Runtime.InteropServices.kdg7xwrj6w.wasm: Object, System.Runtime.Intrinsics.wg0gheep2z.wasm: Object, System.Runtime.Loader.qmp77u0rm5.wasm: Object, System.Runtime.Numerics.2u83mtb87l.wasm: Object, System.Runtime.Serialization.Formatters.vpo7xfv44r.wasm: Object, System.Runtime.Serialization.Json.n7lprrhjvf.wasm: Object, System.Runtime.Serialization.Primitives.k6skhm5y5s.wasm: Object, System.Runtime.Serialization.Xml.1d1ys6cuwn.wasm: Object, System.Runtime.Serialization.9zfykru8jk.wasm: Object, System.Runtime.qz035ds119.wasm: Object, System.Security.AccessControl.p1v3gqing0.wasm: Object, System.Security.Cryptography.Encoding.sqyapwxq5q.wasm: Object, System.Security.Cryptography.OpenSsl.cck95qktr6.wasm: Object, System.Security.Cryptography.Cng.5idfu4nhba.wasm: Object, System.Security.Cryptography.Csp.zqotidn8du.wasm: Object, System.Security.Claims.60qnikg4xx.wasm: Object, System.Security.Cryptography.Algorithms.3p64zvxe7j.wasm: Object, System.Security.Cryptography.Primitives.kuxf8s3p7e.wasm: Object, System.Security.Cryptography.X509Certificates.xy3vl2qh67.wasm: Object, System.Security.Cryptography.5jf1q07t36.wasm: Object, System.Security.Principal.Windows.3lmx9d7roa.wasm: Object, System.Security.Principal.77yri8eg3s.wasm: Object, System.Security.SecureString.fwvheyuur1.wasm: Object, System.Security.ih3q1bhlue.wasm: Object, System.ServiceModel.Web.p046nx8r4m.wasm: Object, System.ServiceProcess.3kd0o7aepk.wasm: Object, System.Text.Encoding.CodePages.lhw70u4w31.wasm: Object, System.Text.Encoding.Extensions.bsjn9qlu37.wasm: Object, System.Text.Encoding.uaaeapwamc.wasm: Object, System.Threading.Overlapped.isyk0lwk2f.wasm: Object, System.Text.Json.m8hpjeij56.wasm: Object, System.Text.RegularExpressions.eoveocsnfr.wasm: Object, System.Threading.Channels.zuibnssx4b.wasm: Object, System.Text.Encodings.Web.rrsur4ruxk.wasm: Object, System.Threading.Tasks.Dataflow.mmn1m3v8t1.wasm: Object, System.Threading.Tasks.Extensions.pjxftf7hpj.wasm: Object, System.Threading.Tasks.Parallel.bk8e8sq0os.wasm: Object, System.Threading.Tasks.6kcv5pduu6.wasm: Object, System.Threading.Thread.nvnv5mqqf6.wasm: Object, System.Threading.ThreadPool.dz1g3r6yf1.wasm: Object, System.Threading.Timer.vrgqc4vvf0.wasm: Object, System.ValueTuple.ko3v11dh63.wasm: Object, System.Threading.6ixcigppyn.wasm: Object, System.Transactions.Local.phzgjy7quh.wasm: Object, System.Transactions.r4yuf5badt.wasm: Object, System.Web.d2cit1yzss.wasm: Object, System.Web.HttpUtility.iahc8bnpll.wasm: Object, System.Windows.9w5trvxsz5.wasm: Object, System.Xml.Linq.77xnndgjbg.wasm: Object, System.Xml.ReaderWriter.n5j6xomepy.wasm: Object, System.Xml.Serialization.h0nf1grwis.wasm: Object, System.Xml.XDocument.uerhct9pf1.wasm: Object, System.Xml.XPath.XDocument.x7vpngr30x.wasm: Object, System.Xml.XPath.iwa2wnpe4s.wasm: Object, System.Xml.XmlDocument.huc9mgsfkg.wasm: Object, System.Xml.XmlSerializer.egzib3v8px.wasm: Object, System.Xml.vkt2xr398g.wasm: Object, System.mbdnuwm1zo.wasm: Object, WindowsBase.ahs9krftg4.wasm: Object, mscorlib.k5iaovx9v7.wasm: Object, netstandard.6sr1qvn64m.wasm: Object, Po.PoDropSquare.Blazor.t391rxp6mh.wasm: Object}
Browser Console: [endGroup] console.groupEnd
Browser Console: [endGroup] console.groupEnd
Browser Console: [info] Debugging hotkey: Shift+Alt+D (when application has focus)
Browser Console: [log] 60 FPS physics loop started
Browser Console: [log] Physics engine initialized successfully with enhanced features
Browser Console: [log] Game callbacks updated: [_id, _callDispatcher]
? Canvas loaded successfully
?? Starting to stack blocks...
Browser Console: [log] Resetting game...
Browser Console: [log] Cleared all blocks
Browser Console: [log] Starting game...
   Block 1 dropped
Browser Console: [log] Drop block at position: (150, 150)
Browser Console: [log] Created block: block_1761661548592_ot7znol7x at 150 150 Total blocks: 1
Browser Console: [log] ?? Home: After event handling, _showGameOverScreen=False, _isVictory=False
Browser Console: [log] ?? Victory check - Total blocks: 1 Above line: 0 Goal line Y: 40 Highest block topY: 170
   Block 2 dropped
Browser Console: [log] Drop block at position: (150, 150)
Browser Console: [log] Created block: block_1761661549146_yiut0wxhz at 150 150 Total blocks: 2
Browser Console: [log] ?? Home: After event handling, _showGameOverScreen=False, _isVictory=False
Browser Console: [log] ?? Victory check - Total blocks: 2 Above line: 0 Goal line Y: 40 Highest block topY: 150
   Block 3 dropped
Browser Console: [log] Drop block at position: (150, 150)
Browser Console: [log] Created block: block_1761661549681_3yiusue01 at 150 150 Total blocks: 3
Browser Console: [log] ?? Home: After event handling, _showGameOverScreen=False, _isVictory=False
Browser Console: [log] ?? Victory check - Total blocks: 3 Above line: 0 Goal line Y: 40 Highest block topY: 130
   Block 4 dropped
Browser Console: [log] Drop block at position: (150, 150)
Browser Console: [log] Created block: block_1761661550216_sz3jcv4qo at 150 150 Total blocks: 4
Browser Console: [log] ?? Home: After event handling, _showGameOverScreen=False, _isVictory=False
Browser Console: [log] ?? Victory check - Total blocks: 4 Above line: 0 Goal line Y: 40 Highest block topY: 112
   Block 5 dropped
Browser Console: [log] Drop block at position: (150, 150)
Browser Console: [log] Created block: block_1761661550746_l9u73oxmb at 150 150 Total blocks: 5
Browser Console: [log] ?? Home: After event handling, _showGameOverScreen=False, _isVictory=False
Browser Console: [log] ?? Victory check - Total blocks: 5 Above line: 0 Goal line Y: 40 Highest block topY: 112
   Block 6 dropped
Browser Console: [log] Drop block at position: (150, 150)
Browser Console: [log] Created block: block_1761661551283_c0awx3gc2 at 150 150 Total blocks: 6
Browser Console: [log] ?? Home: After event handling, _showGameOverScreen=False, _isVictory=False
Browser Console: [log] ?? Victory check - Total blocks: 6 Above line: 0 Goal line Y: 40 Highest block topY: 112
   Block 7 dropped
Browser Console: [log] Drop block at position: (150, 150)
Browser Console: [log] Created block: block_1761661551819_yfl76o14j at 150 150 Total blocks: 7
Browser Console: [log] ?? Home: After event handling, _showGameOverScreen=False, _isVictory=False
Browser Console: [log] ?? Victory check - Total blocks: 7 Above line: 0 Goal line Y: 40 Highest block topY: 112
   Block 8 dropped
Browser Console: [log] Drop block at position: (150, 150)
Browser Console: [log] Created block: block_1761661552353_c2o0r8a6w at 150 150 Total blocks: 8
Browser Console: [log] ?? Home: After event handling, _showGameOverScreen=False, _isVictory=False
Browser Console: [log] ?? Victory check - Total blocks: 8 Above line: 0 Goal line Y: 40 Highest block topY: 112
   Block 9 dropped
Browser Console: [log] Drop block at position: (150, 150)
Browser Console: [log] Created block: block_1761661552874_as8d2qdlr at 150 150 Total blocks: 9
Browser Console: [log] ?? Home: After event handling, _showGameOverScreen=False, _isVictory=False
Browser Console: [log] ?? Victory check - Total blocks: 9 Above line: 0 Goal line Y: 40 Highest block topY: 112
   Block 10 dropped
Browser Console: [log] Drop block at position: (150, 150)
Browser Console: [log] Created block: block_1761661553404_5dvxgjb9f at 150 150 Total blocks: 10
Browser Console: [log] ?? Home: After event handling, _showGameOverScreen=False, _isVictory=False
Browser Console: [log] ?? Victory check - Total blocks: 10 Above line: 0 Goal line Y: 40 Highest block topY: 112
   Block 11 dropped
Browser Console: [log] Drop block at position: (150, 150)
Browser Console: [log] Created block: block_1761661553924_0xw60zz9e at 150 150 Total blocks: 11
Browser Console: [log] ?? Home: After event handling, _showGameOverScreen=False, _isVictory=False
Browser Console: [log] ?? Victory check - Total blocks: 11 Above line: 0 Goal line Y: 40 Highest block topY: 112
Browser Console: [log] ?? Victory check - Total blocks: 11 Above line: 0 Goal line Y: 40 Highest block topY: 112
   Block 12 dropped
Browser Console: [log] Drop block at position: (150, 150)
Browser Console: [log] Created block: block_1761661554466_ry0y47tgu at 150 150 Total blocks: 12
Browser Console: [log] ?? Home: After event handling, _showGameOverScreen=False, _isVictory=False
Browser Console: [log] ?? Victory check - Total blocks: 12 Above line: 0 Goal line Y: 40 Highest block topY: 112
   Block 13 dropped
Browser Console: [log] Drop block at position: (150, 150)
Browser Console: [log] Created block: block_1761661555011_ryqkkzl12 at 150 150 Total blocks: 13
Browser Console: [log] ?? Home: After event handling, _showGameOverScreen=False, _isVictory=False
Browser Console: [log] ?? Victory check - Total blocks: 13 Above line: 0 Goal line Y: 40 Highest block topY: 112
   Block 14 dropped
Browser Console: [log] Drop block at position: (150, 150)
Browser Console: [log] Created block: block_1761661555539_k8uhosbt3 at 150 150 Total blocks: 14
Browser Console: [log] ?? Home: After event handling, _showGameOverScreen=False, _isVictory=False
Browser Console: [log] ?? Victory check - Total blocks: 14 Above line: 0 Goal line Y: 40 Highest block topY: 112
   Block 15 dropped
Browser Console: [log] Drop block at position: (150, 150)
Browser Console: [log] Created block: block_1761661556096_6rwotl551 at 150 150 Total blocks: 15
Browser Console: [log] ?? Home: After event handling, _showGameOverScreen=False, _isVictory=False
Browser Console: [log] ?? Victory check - Total blocks: 15 Above line: 0 Goal line Y: 40 Highest block topY: 112
   Block 16 dropped
Browser Console: [log] Drop block at position: (150, 150)
Browser Console: [log] Created block: block_1761661556637_nmwp0jq8c at 150 150 Total blocks: 16
Browser Console: [log] ?? Home: After event handling, _showGameOverScreen=False, _isVictory=False
Browser Console: [log] ?? Victory check - Total blocks: 16 Above line: 0 Goal line Y: 40 Highest block topY: 112
   Block 17 dropped
Browser Console: [log] Drop block at position: (150, 150)
Browser Console: [log] Created block: block_1761661557173_gswseha8b at 150 150 Total blocks: 17
Browser Console: [log] ?? Home: After event handling, _showGameOverScreen=False, _isVictory=False
Browser Console: [log] ?? Victory check - Total blocks: 17 Above line: 0 Goal line Y: 40 Highest block topY: 112
   Block 18 dropped
Browser Console: [log] Drop block at position: (150, 150)
Browser Console: [log] Created block: block_1761661557725_dp05dx3gk at 150 150 Total blocks: 18
Browser Console: [log] ?? Home: After event handling, _showGameOverScreen=False, _isVictory=False
Browser Console: [log] ?? Victory check - Total blocks: 18 Above line: 0 Goal line Y: 40 Highest block topY: 112
   Block 19 dropped
Browser Console: [log] Drop block at position: (150, 150)
Browser Console: [log] Created block: block_1761661558259_le17ho642 at 150 150 Total blocks: 19
Browser Console: [log] ?? Home: After event handling, _showGameOverScreen=False, _isVictory=False
Browser Console: [log] ?? Victory check - Total blocks: 19 Above line: 0 Goal line Y: 40 Highest block topY: 112
   Block 20 dropped
? Waiting for blocks to settle and reach red line...
Browser Console: [log] ?? Victory check - Total blocks: 19 Above line: 0 Goal line Y: 40 Highest block topY: 112
Browser Console: [log] ?? Victory check - Total blocks: 19 Above line: 0 Goal line Y: 40 Highest block topY: 112
Browser Console: [log] ?? Victory check - Total blocks: 19 Above line: 0 Goal line Y: 40 Highest block topY: 112
Browser Console: [log] ?? Victory check - Total blocks: 19 Above line: 0 Goal line Y: 40 Highest block topY: 112
Browser Console: [log] ?? Victory check - Total blocks: 19 Above line: 0 Goal line Y: 40 Highest block topY: 112
Browser Console: [log] ?? Victory check - Total blocks: 19 Above line: 0 Goal line Y: 40 Highest block topY: 112
Browser Console: [log] ?? Victory check - Total blocks: 19 Above line: 0 Goal line Y: 40 Highest block topY: 112
Browser Console: [log] ?? Victory check - Total blocks: 19 Above line: 0 Goal line Y: 40 Highest block topY: 112
Browser Console: [log] ?? Victory check - Total blocks: 19 Above line: 0 Goal line Y: 40 Highest block topY: 112
Browser Console: [log] ?? Victory check - Total blocks: 19 Above line: 0 Goal line Y: 40 Highest block topY: 112
?? Countdown not started yet, waiting longer...
Browser Console: [log] ?? Victory check - Total blocks: 19 Above line: 0 Goal line Y: 40 Highest block topY: 112
Browser Console: [log] ?? Victory check - Total blocks: 19 Above line: 0 Goal line Y: 40 Highest block topY: 112
Browser Console: [log] ?? Victory check - Total blocks: 19 Above line: 0 Goal line Y: 40 Highest block topY: 112
Browser Console: [log] ?? Victory check - Total blocks: 19 Above line: 0 Goal line Y: 40 Highest block topY: 112
? Waiting for 2-second victory countdown...
Browser Console: [log] ?? Victory check - Total blocks: 19 Above line: 0 Goal line Y: 40 Highest block topY: 112
Browser Console: [log] ?? Victory check - Total blocks: 19 Above line: 0 Goal line Y: 40 Highest block topY: 112
Browser Console: [log] ?? Victory check - Total blocks: 19 Above line: 0 Goal line Y: 40 Highest block topY: 112
Browser Console: [log] ?? Victory check - Total blocks: 19 Above line: 0 Goal line Y: 40 Highest block topY: 112
Browser Console: [log] ?? Victory check - Total blocks: 19 Above line: 0 Goal line Y: 40 Highest block topY: 112
Browser Console: [log] ?? Victory check - Total blocks: 19 Above line: 0 Goal line Y: 40 Highest block topY: 112
?? Test Results:
   Console messages captured: 109
   Countdown started: False
   Victory message in console: True
   Victory UI visible: False
?? Relevant Console Messages:
   [log] ?? Home: After event handling, _showGameOverScreen=False, _isVictory=False
   [log] ?? Victory check - Total blocks: 1 Above line: 0 Goal line Y: 40 Highest block topY: 170
   [log] ?? Home: After event handling, _showGameOverScreen=False, _isVictory=False
   [log] ?? Victory check - Total blocks: 2 Above line: 0 Goal line Y: 40 Highest block topY: 150
   [log] ?? Home: After event handling, _showGameOverScreen=False, _isVictory=False
   [log] ?? Victory check - Total blocks: 3 Above line: 0 Goal line Y: 40 Highest block topY: 130
   [log] ?? Home: After event handling, _showGameOverScreen=False, _isVictory=False
   [log] ?? Victory check - Total blocks: 4 Above line: 0 Goal line Y: 40 Highest block topY: 112
   [log] ?? Home: After event handling, _showGameOverScreen=False, _isVictory=False
   [log] ?? Victory check - Total blocks: 5 Above line: 0 Goal line Y: 40 Highest block topY: 112
   [log] ?? Home: After event handling, _showGameOverScreen=False, _isVictory=False
   [log] ?? Victory check - Total blocks: 6 Above line: 0 Goal line Y: 40 Highest block topY: 112
   [log] ?? Home: After event handling, _showGameOverScreen=False, _isVictory=False
   [log] ?? Victory check - Total blocks: 7 Above line: 0 Goal line Y: 40 Highest block topY: 112
   [log] ?? Home: After event handling, _showGameOverScreen=False, _isVictory=False
   [log] ?? Victory check - Total blocks: 8 Above line: 0 Goal line Y: 40 Highest block topY: 112
   [log] ?? Home: After event handling, _showGameOverScreen=False, _isVictory=False
   [log] ?? Victory check - Total blocks: 9 Above line: 0 Goal line Y: 40 Highest block topY: 112
   [log] ?? Home: After event handling, _showGameOverScreen=False, _isVictory=False
   [log] ?? Victory check - Total blocks: 10 Above line: 0 Goal line Y: 40 Highest block topY: 112
   [log] ?? Home: After event handling, _showGameOverScreen=False, _isVictory=False
   [log] ?? Victory check - Total blocks: 11 Above line: 0 Goal line Y: 40 Highest block topY: 112
   [log] ?? Victory check - Total blocks: 11 Above line: 0 Goal line Y: 40 Highest block topY: 112
   [log] ?? Home: After event handling, _showGameOverScreen=False, _isVictory=False
   [log] ?? Victory check - Total blocks: 12 Above line: 0 Goal line Y: 40 Highest block topY: 112
   [log] ?? Home: After event handling, _showGameOverScreen=False, _isVictory=False
   [log] ?? Victory check - Total blocks: 13 Above line: 0 Goal line Y: 40 Highest block topY: 112
   [log] ?? Home: After event handling, _showGameOverScreen=False, _isVictory=False
   [log] ?? Victory check - Total blocks: 14 Above line: 0 Goal line Y: 40 Highest block topY: 112
   [log] ?? Home: After event handling, _showGameOverScreen=False, _isVictory=False
   [log] ?? Victory check - Total blocks: 15 Above line: 0 Goal line Y: 40 Highest block topY: 112
   [log] ?? Home: After event handling, _showGameOverScreen=False, _isVictory=False
   [log] ?? Victory check - Total blocks: 16 Above line: 0 Goal line Y: 40 Highest block topY: 112
   [log] ?? Home: After event handling, _showGameOverScreen=False, _isVictory=False
   [log] ?? Victory check - Total blocks: 17 Above line: 0 Goal line Y: 40 Highest block topY: 112
   [log] ?? Home: After event handling, _showGameOverScreen=False, _isVictory=False
   [log] ?? Victory check - Total blocks: 18 Above line: 0 Goal line Y: 40 Highest block topY: 112
   [log] ?? Home: After event handling, _showGameOverScreen=False, _isVictory=False
   [log] ?? Victory check - Total blocks: 19 Above line: 0 Goal line Y: 40 Highest block topY: 112
   [log] ?? Victory check - Total blocks: 19 Above line: 0 Goal line Y: 40 Highest block topY: 112
   [log] ?? Victory check - Total blocks: 19 Above line: 0 Goal line Y: 40 Highest block topY: 112
   [log] ?? Victory check - Total blocks: 19 Above line: 0 Goal line Y: 40 Highest block topY: 112
   [log] ?? Victory check - Total blocks: 19 Above line: 0 Goal line Y: 40 Highest block topY: 112
   [log] ?? Victory check - Total blocks: 19 Above line: 0 Goal line Y: 40 Highest block topY: 112
   [log] ?? Victory check - Total blocks: 19 Above line: 0 Goal line Y: 40 Highest block topY: 112
   [log] ?? Victory check - Total blocks: 19 Above line: 0 Goal line Y: 40 Highest block topY: 112
   [log] ?? Victory check - Total blocks: 19 Above line: 0 Goal line Y: 40 Highest block topY: 112
   [log] ?? Victory check - Total blocks: 19 Above line: 0 Goal line Y: 40 Highest block topY: 112
   [log] ?? Victory check - Total blocks: 19 Above line: 0 Goal line Y: 40 Highest block topY: 112
   [log] ?? Victory check - Total blocks: 19 Above line: 0 Goal line Y: 40 Highest block topY: 112
   [log] ?? Victory check - Total blocks: 19 Above line: 0 Goal line Y: 40 Highest block topY: 112
   [log] ?? Victory check - Total blocks: 19 Above line: 0 Goal line Y: 40 Highest block topY: 112
   [log] ?? Victory check - Total blocks: 19 Above line: 0 Goal line Y: 40 Highest block topY: 112
   [log] ?? Victory check - Total blocks: 19 Above line: 0 Goal line Y: 40 Highest block topY: 112
   [log] ?? Victory check - Total blocks: 19 Above line: 0 Goal line Y: 40 Highest block topY: 112
   [log] ?? Victory check - Total blocks: 19 Above line: 0 Goal line Y: 40 Highest block topY: 112
   [log] ?? Victory check - Total blocks: 19 Above line: 0 Goal line Y: 40 Highest block topY: 112
   [log] ?? Victory check - Total blocks: 19 Above line: 0 Goal line Y: 40 Highest block topY: 112
   [log] ?? Victory check - Total blocks: 19 Above line: 0 Goal line Y: 40 Highest block topY: 112
? Victory countdown test completed successfully!
[xUnit.net 00:00:28.05]   Finished:    Po.PoDropSquare.E2E.Tests
  Passed Po.PoDropSquare.E2E.Tests.VictoryCountdownE2ETests.VictoryCountdown_WhenBlockTouchesRedLine_ShouldTriggerAfter2Seconds [25 s]

Test Run Successful.
Total tests: 1
     Passed: 1
 Total time: 28.3616 Seconds

Workload updates are available. Run `dotnet workload list` for more information.
